---
source: crates/oxc_linter/src/tester.rs
assertion_line: 143
expression: no_named_as_default
---
  ⚠ eslint-plugin-import(no-named-as-default): Using exported name "foo" as identifier for default export.
   ╭─[index.js:1:1]
 1 │ import foo from "./bar";
   ·        ───
   ╰────
  help: Use another name for default import to avoid confusion

  ⚠ eslint-plugin-import(no-named-as-default): Using exported name "foo" as identifier for default export.
   ╭─[index.js:1:1]
 1 │ import foo, { foo as bar } from "./bar";
   ·        ───
   ╰────
  help: Use another name for default import to avoid confusion

  ⚠ eslint-plugin-import(no-named-as-default): Using exported name "foo" as identifier for default export.
   ╭─[index.js:1:1]
 1 │ import foo from "./export-default-string-and-named"
   ·        ───
   ╰────
  help: Use another name for default import to avoid confusion

  ⚠ eslint-plugin-import(no-named-as-default): Using exported name "foo" as identifier for default export.
   ╭─[index.js:1:1]
 1 │ import foo, { foo as bar } from "./export-default-string-and-named"
   ·        ───
   ╰────
  help: Use another name for default import to avoid confusion


